// Vitest Snapshot v1, https://vitest.dev/guide/snapshot.html

exports[`tailwind4-vite > applying to an ember app > works via CLI 1`] = `""`;

exports[`tailwind4-vite > applying to an ember app > works via CLI 2`] = `""`;
