// Vitest Snapshot v1, https://vitest.dev/guide/snapshot.html

exports[`tailwind-vite > applying to an ember app > works via CLI 1`] = `
" app/app.css (new)         | 3 +++
 app/app.js                | 2 ++
 package.json              | 3 +++
 postcss.config.cjs (new)  | 8 ++++++++
 tailwind.config.cjs (new) | 9 +++++++++
 5 files changed, 25 insertions(+)"
`;

exports[`tailwind-vite > applying to an ember app > works via CLI 2`] = `
"diff --git a/app/app.css b/app/app.css
new file mode 100644
index 0000000..abdf01d
--- /dev/null
+++ b/app/app.css
@@ -0,0 +1,3 @@
+@tailwind base
+@tailwind components
+@tailwind utilities
\\\\ No newline at end of file
diff --git a/app/app.js b/app/app.js
index 1ba9342..cbd1516 100644
--- a/app/app.js
+++ b/app/app.js
@@ -3,6 +3,8 @@ import Resolver from 'ember-resolver';
 import loadInitializers from 'ember-load-initializers';
 import config from 'test-app/config/environment';
 
+import './app.css'
+
 export default class App extends Application {
   modulePrefix = config.modulePrefix;
   podModulePrefix = config.podModulePrefix;

package.json
{
  \\"name\\": \\"test-app\\",
  \\"version\\": \\"0.0.0\\",
  \\"private\\": true,
  \\"description\\": \\"Small description for test-app goes here\\",
  \\"repository\\": \\"\\",
  \\"license\\": \\"MIT\\",
  \\"author\\": \\"\\",
  \\"directories\\": {
    \\"doc\\": \\"doc\\",
    \\"test\\": \\"tests\\"
  },
  \\"scripts\\": {
    \\"build\\": \\"ember build --environment=production\\",
    \\"lint\\": \\"concurrently \\\\\\"npm:lint:*(!fix)\\\\\\" --names \\\\\\"lint:\\\\\\" --prefixColors auto\\",
    \\"lint:css\\": \\"stylelint \\\\\\"**/*.css\\\\\\"\\",
    \\"lint:css:fix\\": \\"concurrently \\\\\\"npm:lint:css -- --fix\\\\\\"\\",
    \\"lint:fix\\": \\"concurrently \\\\\\"npm:lint:*:fix\\\\\\" --names \\\\\\"fix:\\\\\\" --prefixColors auto\\",
    \\"lint:hbs\\": \\"ember-template-lint .\\",
    \\"lint:hbs:fix\\": \\"ember-template-lint . --fix\\",
    \\"lint:js\\": \\"eslint . --cache\\",
    \\"lint:js:fix\\": \\"eslint . --fix\\",
    \\"start\\": \\"ember serve\\",
    \\"test\\": \\"concurrently \\\\\\"npm:lint\\\\\\" \\\\\\"npm:test:*\\\\\\" --names \\\\\\"lint,test:\\\\\\" --prefixColors auto\\",
    \\"test:ember\\": \\"ember test\\"
  },
  \\"devDependencies\\": [
    \\"@babel/core\\",
    \\"@babel/eslint-parser\\",
    \\"@babel/plugin-proposal-decorators\\",
    \\"@ember/optional-features\\",
    \\"@ember/string\\",
    \\"@ember/test-helpers\\",
    \\"@eslint/js\\",
    \\"@glimmer/component\\",
    \\"@glimmer/tracking\\",
    \\"autoprefixer\\",
    \\"broccoli-asset-rev\\",
    \\"concurrently\\",
    \\"ember-auto-import\\",
    \\"ember-cli\\",
    \\"ember-cli-app-version\\",
    \\"ember-cli-babel\\",
    \\"ember-cli-clean-css\\",
    \\"ember-cli-dependency-checker\\",
    \\"ember-cli-htmlbars\\",
    \\"ember-cli-inject-live-reload\\",
    \\"ember-cli-sri\\",
    \\"ember-cli-terser\\",
    \\"ember-data\\",
    \\"ember-fetch\\",
    \\"ember-load-initializers\\",
    \\"ember-modifier\\",
    \\"ember-page-title\\",
    \\"ember-qunit\\",
    \\"ember-resolver\\",
    \\"ember-source\\",
    \\"ember-template-imports\\",
    \\"ember-template-lint\\",
    \\"ember-welcome-page\\",
    \\"eslint\\",
    \\"eslint-config-prettier\\",
    \\"eslint-plugin-ember\\",
    \\"eslint-plugin-n\\",
    \\"eslint-plugin-prettier\\",
    \\"eslint-plugin-qunit\\",
    \\"globals\\",
    \\"loader.js\\",
    \\"postcss\\",
    \\"prettier\\",
    \\"prettier-plugin-ember-template-tag\\",
    \\"qunit\\",
    \\"qunit-dom\\",
    \\"stylelint\\",
    \\"stylelint-config-standard\\",
    \\"stylelint-prettier\\",
    \\"tailwindcss\\",
    \\"tracked-built-ins\\",
    \\"webpack\\"
  ],
  \\"engines\\": [
    \\"node\\"
  ],
  \\"ember\\": {
    \\"edition\\": \\"octane\\"
  }
}
diff --git a/postcss.config.cjs b/postcss.config.cjs
new file mode 100644
index 0000000..39468d6
--- /dev/null
+++ b/postcss.config.cjs
@@ -0,0 +1,8 @@
+module.exports = {
+  plugins: {
+    tailwindcss: {
+      config: \\"tailwind.config.js\\"
+    },
+    autoprefixer: {},
+  },
+}
diff --git a/tailwind.config.cjs b/tailwind.config.cjs
new file mode 100644
index 0000000..884a52d
--- /dev/null
+++ b/tailwind.config.cjs
@@ -0,0 +1,9 @@
+/** @type {import('tailwindcss').Config} */
+module.exports = {
+  content: [\\"app/**/*.{js,ts,hbs,gjs,gts,html}\\"],
+  theme: {
+    extend: {},
+  },
+  plugins: [],
+}
+
"
`;
