// Vitest Snapshot v1, https://vitest.dev/guide/snapshot.html

exports[`files > utils > applyFolder > works 1`] = `""`;

exports[`files > utils > applyFolder > works 2`] = `""`;
